// Jest Snapshot v1, https://goo.gl/fbAQLP

exports[`renders Container with children 1`] = `
<View
  style={
    {
      "backgroundColor": "#FFFFFF",
      "paddingBottom": 20,
      "paddingLeft": 20,
      "paddingRight": 20,
      "paddingTop": 20,
    }
  }
>
  <Text
    style={
      {
        "color": "#000000",
        "fontSize": 12,
        "fontStyle": "normal",
        "fontWeight": "400",
        "lineHeight": 18,
        "textAlign": "left",
      }
    }
  >
    Test Content
  </Text>
</View>
`;

exports[`renders Container with custom styles 1`] = `
<View
  style={
    {
      "backgroundColor": "#FFFFFF",
      "paddingBottom": 20,
      "paddingLeft": 20,
      "paddingRight": 20,
      "paddingTop": 20,
    }
  }
>
  <Text
    style={
      {
        "color": "#000000",
        "fontSize": 12,
        "fontStyle": "normal",
        "fontWeight": "400",
        "lineHeight": 18,
        "textAlign": "left",
      }
    }
  >
    Test Content
  </Text>
</View>
`;

exports[`renders Container with default styles 1`] = `
<View
  style={
    {
      "backgroundColor": "#FFFFFF",
      "paddingBottom": 20,
      "paddingLeft": 20,
      "paddingRight": 20,
      "paddingTop": 20,
    }
  }
>
  <Text
    style={
      {
        "color": "#000000",
        "fontSize": 12,
        "fontStyle": "normal",
        "fontWeight": "400",
        "lineHeight": 18,
        "textAlign": "left",
      }
    }
  >
    Test Content
  </Text>
</View>
`;
